// Jest Snapshot v1, https://goo.gl/fbAQLP

exports[`Card should match the snapshot with all data passed in correctly 1`] = `
ShallowWrapper {
  "length": 1,
  Symbol(enzyme.__root__): [Circular],
  Symbol(enzyme.__unrendered__): <Card />,
  Symbol(enzyme.__renderer__): Object {
    "batchedUpdates": [Function],
    "getNode": [Function],
    "render": [Function],
    "simulateEvent": [Function],
    "unmount": [Function],
  },
  Symbol(enzyme.__node__): Object {
    "instance": null,
    "key": undefined,
    "nodeType": "host",
    "props": Object {
      "children": Array [
        <h2 />,
        <h3>
          model: 
</h3>,
        <h3>
          class: 
</h3>,
        <h3>
          # of passengers: 
</h3>,
        <button
          className="favorites"
/>,
      ],
      "className": "vehicleCard card",
    },
    "ref": null,
    "rendered": Array [
      Object {
        "instance": null,
        "key": undefined,
        "nodeType": "host",
        "props": Object {
          "children": undefined,
        },
        "ref": null,
        "rendered": null,
        "type": "h2",
      },
      Object {
        "instance": null,
        "key": undefined,
        "nodeType": "host",
        "props": Object {
          "children": Array [
            "model: ",
            undefined,
          ],
        },
        "ref": null,
        "rendered": Array [
          "model: ",
          undefined,
        ],
        "type": "h3",
      },
      Object {
        "instance": null,
        "key": undefined,
        "nodeType": "host",
        "props": Object {
          "children": Array [
            "class: ",
            undefined,
          ],
        },
        "ref": null,
        "rendered": Array [
          "class: ",
          undefined,
        ],
        "type": "h3",
      },
      Object {
        "instance": null,
        "key": undefined,
        "nodeType": "host",
        "props": Object {
          "children": Array [
            "# of passengers: ",
            undefined,
          ],
        },
        "ref": null,
        "rendered": Array [
          "# of passengers: ",
          undefined,
        ],
        "type": "h3",
      },
      Object {
        "instance": null,
        "key": undefined,
        "nodeType": "host",
        "props": Object {
          "className": "favorites",
        },
        "ref": null,
        "rendered": null,
        "type": "button",
      },
    ],
    "type": "article",
  },
  Symbol(enzyme.__nodes__): Array [
    Object {
      "instance": null,
      "key": undefined,
      "nodeType": "host",
      "props": Object {
        "children": Array [
          <h2 />,
          <h3>
            model: 
</h3>,
          <h3>
            class: 
</h3>,
          <h3>
            # of passengers: 
</h3>,
          <button
            className="favorites"
/>,
        ],
        "className": "vehicleCard card",
      },
      "ref": null,
      "rendered": Array [
        Object {
          "instance": null,
          "key": undefined,
          "nodeType": "host",
          "props": Object {
            "children": undefined,
          },
          "ref": null,
          "rendered": null,
          "type": "h2",
        },
        Object {
          "instance": null,
          "key": undefined,
          "nodeType": "host",
          "props": Object {
            "children": Array [
              "model: ",
              undefined,
            ],
          },
          "ref": null,
          "rendered": Array [
            "model: ",
            undefined,
          ],
          "type": "h3",
        },
        Object {
          "instance": null,
          "key": undefined,
          "nodeType": "host",
          "props": Object {
            "children": Array [
              "class: ",
              undefined,
            ],
          },
          "ref": null,
          "rendered": Array [
            "class: ",
            undefined,
          ],
          "type": "h3",
        },
        Object {
          "instance": null,
          "key": undefined,
          "nodeType": "host",
          "props": Object {
            "children": Array [
              "# of passengers: ",
              undefined,
            ],
          },
          "ref": null,
          "rendered": Array [
            "# of passengers: ",
            undefined,
          ],
          "type": "h3",
        },
        Object {
          "instance": null,
          "key": undefined,
          "nodeType": "host",
          "props": Object {
            "className": "favorites",
          },
          "ref": null,
          "rendered": null,
          "type": "button",
        },
      ],
      "type": "article",
    },
  ],
  Symbol(enzyme.__options__): Object {
    "adapter": ReactSixteenAdapter {
      "options": Object {
        "enableComponentDidUpdateOnSetState": true,
      },
    },
  },
}
`;
