// Jest Snapshot v1, https://goo.gl/fbAQLP

exports[`Sidebar should match the snapshot with all data passed in correctly 1`] = `
ShallowWrapper {
  "length": 1,
  Symbol(enzyme.__root__): [Circular],
  Symbol(enzyme.__unrendered__): <Sidebar
    summary={
        Object {
            "releaseDate": "2018-07-07",
            "summary": "This is a fake scroll",
            "title": "There's no hope",
          }
    }
/>,
  Symbol(enzyme.__renderer__): Object {
    "batchedUpdates": [Function],
    "getNode": [Function],
    "render": [Function],
    "simulateEvent": [Function],
    "unmount": [Function],
  },
  Symbol(enzyme.__node__): Object {
    "instance": null,
    "key": undefined,
    "nodeType": "host",
    "props": Object {
      "children": Array [
        <img
          src="starWarsLogo.jpg"
/>,
        <section
          className="scroll"
>
          <h3>
                    This is a fake scroll
          </h3>
          <h3>
                    There's no hope
          </h3>
          <h3>
                    2018-07-07
          </h3>
</section>,
      ],
      "className": "sidebar",
    },
    "ref": null,
    "rendered": Array [
      Object {
        "instance": null,
        "key": undefined,
        "nodeType": "host",
        "props": Object {
          "src": "starWarsLogo.jpg",
        },
        "ref": null,
        "rendered": null,
        "type": "img",
      },
      Object {
        "instance": null,
        "key": undefined,
        "nodeType": "host",
        "props": Object {
          "children": Array [
            <h3>
              This is a fake scroll
</h3>,
            <h3>
              There's no hope
</h3>,
            <h3>
              2018-07-07
</h3>,
          ],
          "className": "scroll",
        },
        "ref": null,
        "rendered": Array [
          Object {
            "instance": null,
            "key": undefined,
            "nodeType": "host",
            "props": Object {
              "children": "This is a fake scroll",
            },
            "ref": null,
            "rendered": "This is a fake scroll",
            "type": "h3",
          },
          Object {
            "instance": null,
            "key": undefined,
            "nodeType": "host",
            "props": Object {
              "children": "There's no hope",
            },
            "ref": null,
            "rendered": "There's no hope",
            "type": "h3",
          },
          Object {
            "instance": null,
            "key": undefined,
            "nodeType": "host",
            "props": Object {
              "children": "2018-07-07",
            },
            "ref": null,
            "rendered": "2018-07-07",
            "type": "h3",
          },
        ],
        "type": "section",
      },
    ],
    "type": "div",
  },
  Symbol(enzyme.__nodes__): Array [
    Object {
      "instance": null,
      "key": undefined,
      "nodeType": "host",
      "props": Object {
        "children": Array [
          <img
            src="starWarsLogo.jpg"
/>,
          <section
            className="scroll"
>
            <h3>
                        This is a fake scroll
            </h3>
            <h3>
                        There's no hope
            </h3>
            <h3>
                        2018-07-07
            </h3>
</section>,
        ],
        "className": "sidebar",
      },
      "ref": null,
      "rendered": Array [
        Object {
          "instance": null,
          "key": undefined,
          "nodeType": "host",
          "props": Object {
            "src": "starWarsLogo.jpg",
          },
          "ref": null,
          "rendered": null,
          "type": "img",
        },
        Object {
          "instance": null,
          "key": undefined,
          "nodeType": "host",
          "props": Object {
            "children": Array [
              <h3>
                This is a fake scroll
</h3>,
              <h3>
                There's no hope
</h3>,
              <h3>
                2018-07-07
</h3>,
            ],
            "className": "scroll",
          },
          "ref": null,
          "rendered": Array [
            Object {
              "instance": null,
              "key": undefined,
              "nodeType": "host",
              "props": Object {
                "children": "This is a fake scroll",
              },
              "ref": null,
              "rendered": "This is a fake scroll",
              "type": "h3",
            },
            Object {
              "instance": null,
              "key": undefined,
              "nodeType": "host",
              "props": Object {
                "children": "There's no hope",
              },
              "ref": null,
              "rendered": "There's no hope",
              "type": "h3",
            },
            Object {
              "instance": null,
              "key": undefined,
              "nodeType": "host",
              "props": Object {
                "children": "2018-07-07",
              },
              "ref": null,
              "rendered": "2018-07-07",
              "type": "h3",
            },
          ],
          "type": "section",
        },
      ],
      "type": "div",
    },
  ],
  Symbol(enzyme.__options__): Object {
    "adapter": ReactSixteenAdapter {
      "options": Object {
        "enableComponentDidUpdateOnSetState": true,
      },
    },
  },
}
`;
